\BOOKMARK [0][]{chapter*.1}{\376\377\000P\000r\000e\000f\000\341\000c\000i\000o}{}% 1
\BOOKMARK [-1][]{part.1}{\376\377\000I\000\040\000F\000u\000n\000d\000a\000m\000e\000n\000t\000o\000s\000\040\000d\000a\000\040\000L\000i\000n\000g\000u\000a\000g\000e\000m\000\040\000C}{}% 2
\BOOKMARK [0][]{chapter.1}{\376\377\0001\000\040\000P\000r\000i\000m\000e\000i\000r\000o\000s\000\040\000P\000a\000s\000s\000o\000s}{part.1}% 3
\BOOKMARK [1][]{section.1.1}{\376\377\0001\000.\0001\000\040\000O\000\040\000p\000r\000i\000m\000e\000i\000r\000o\000\040\000p\000r\000o\000g\000r\000a\000m\000a}{chapter.1}% 4
\BOOKMARK [2][]{subsection.1.1.1}{\376\377\0001\000.\0001\000.\0001\000\040\000C\000o\000m\000e\000n\000t\000\341\000r\000i\000o\000s}{section.1.1}% 5
\BOOKMARK [2][]{subsection.1.1.2}{\376\377\0001\000.\0001\000.\0002\000\040\000A\000\040\000d\000i\000r\000e\000t\000i\000v\000a\000\040\000s\000e\000c\000u\000n\000d\000a\000r\000i\000a\000\043\000i\000n\000c\000l\000u\000d\000e}{section.1.1}% 6
\BOOKMARK [2][]{subsection.1.1.3}{\376\377\0001\000.\0001\000.\0003\000\040\000A\000\040\000f\000u\000n\000\347\000\343\000o\000\040\000s\000e\000c\000u\000n\000d\000a\000r\000i\000a\000m\000a\000i\000n}{section.1.1}% 7
\BOOKMARK [2][]{subsection.1.1.4}{\376\377\0001\000.\0001\000.\0004\000\040\000A\000\040\000i\000n\000s\000t\000r\000u\000\347\000\343\000o\000\040\000s\000e\000c\000u\000n\000d\000a\000r\000i\000a\000p\000r\000i\000n\000t\000f}{section.1.1}% 8
\BOOKMARK [2][]{subsection.1.1.5}{\376\377\0001\000.\0001\000.\0005\000\040\000O\000\040\000r\000e\000t\000o\000r\000n\000o\000\040\000e\000\040\000o\000\040\000p\000o\000n\000t\000o\000\040\000e\000\040\000v\000\355\000r\000g\000u\000l\000a}{section.1.1}% 9
\BOOKMARK [1][]{section.1.2}{\376\377\0001\000.\0002\000\040\000C\000o\000m\000p\000i\000l\000a\000n\000d\000o\000\040\000e\000\040\000e\000x\000e\000c\000u\000t\000a\000n\000d\000o}{chapter.1}% 10
\BOOKMARK [1][]{section.1.3}{\376\377\0001\000.\0003\000\040\000E\000\040\000n\000o\000\040\000E\000S\000P\0003\0002\000?}{chapter.1}% 11
\BOOKMARK [0][]{chapter.2}{\376\377\0002\000\040\000S\000i\000s\000t\000e\000m\000a\000s\000\040\000N\000u\000m\000\351\000r\000i\000c\000o\000s\000,\000\040\000M\000e\000m\000\363\000r\000i\000a\000\040\000e\000\040\000C\000o\000m\000p\000i\000l\000a\000\347\000\343\000o}{part.1}% 12
\BOOKMARK [1][]{section.2.1}{\376\377\0002\000.\0001\000\040\000S\000i\000s\000t\000e\000m\000a\000\040\000b\000i\000n\000\341\000r\000i\000o}{chapter.2}% 13
\BOOKMARK [1][]{section.2.2}{\376\377\0002\000.\0002\000\040\000S\000i\000s\000t\000e\000m\000a\000s\000\040\000o\000c\000t\000a\000l\000\040\000e\000\040\000h\000e\000x\000a\000d\000e\000c\000i\000m\000a\000l}{chapter.2}% 14
\BOOKMARK [1][]{section.2.3}{\376\377\0002\000.\0003\000\040\000M\000e\000m\000\363\000r\000i\000a}{chapter.2}% 15
\BOOKMARK [1][]{section.2.4}{\376\377\0002\000.\0004\000\040\000P\000r\000\351\000-\000p\000r\000o\000c\000e\000s\000s\000a\000m\000e\000n\000t\000o}{chapter.2}% 16
\BOOKMARK [1][]{section.2.5}{\376\377\0002\000.\0005\000\040\000C\000o\000m\000p\000i\000l\000a\000\347\000\343\000o}{chapter.2}% 17
\BOOKMARK [1][]{section.2.6}{\376\377\0002\000.\0006\000\040\000N\000\372\000m\000e\000r\000o\000s\000\040\000p\000s\000e\000u\000d\000o\000a\000l\000e\000a\000t\000\363\000r\000i\000o\000s}{chapter.2}% 18
\BOOKMARK [0][]{chapter.3}{\376\377\0003\000\040\000T\000i\000p\000o\000s\000\040\000d\000e\000\040\000V\000a\000r\000i\000\341\000v\000e\000i\000s\000\040\000e\000\040\000O\000p\000e\000r\000a\000d\000o\000r\000e\000s}{part.1}% 19
\BOOKMARK [1][]{section.3.1}{\376\377\0003\000.\0001\000\040\000T\000i\000p\000o\000s\000\040\000p\000r\000i\000m\000i\000t\000i\000v\000o\000s}{chapter.3}% 20
\BOOKMARK [1][]{section.3.2}{\376\377\0003\000.\0002\000\040\000T\000i\000p\000o\000s\000\040\000d\000e\000\040\000l\000a\000r\000g\000u\000r\000a\000\040\000f\000i\000x\000a\000:\000\040\000s\000e\000c\000u\000n\000d\000a\000r\000i\000a\000s\000t\000d\000i\000n\000t\000.\000h}{chapter.3}% 21
\BOOKMARK [1][]{section.3.3}{\376\377\0003\000.\0003\000\040\000O\000p\000e\000r\000a\000d\000o\000r\000e\000s}{chapter.3}% 22
\BOOKMARK [2][]{subsection.3.3.1}{\376\377\0003\000.\0003\000.\0001\000\040\000A\000r\000i\000t\000m\000\351\000t\000i\000c\000o\000s}{section.3.3}% 23
\BOOKMARK [2][]{subsection.3.3.2}{\376\377\0003\000.\0003\000.\0002\000\040\000R\000e\000l\000a\000c\000i\000o\000n\000a\000i\000s\000\040\000e\000\040\000l\000\363\000g\000i\000c\000o\000s}{section.3.3}% 24
\BOOKMARK [2][]{subsection.3.3.3}{\376\377\0003\000.\0003\000.\0003\000\040\000B\000i\000t\000\040\000a\000\040\000b\000i\000t\000\040\000\050\000b\000i\000t\000w\000i\000s\000e\000\051}{section.3.3}% 25
\BOOKMARK [2][]{subsection.3.3.4}{\376\377\0003\000.\0003\000.\0004\000\040\000A\000t\000r\000i\000b\000u\000i\000\347\000\343\000o\000\040\000c\000o\000m\000p\000o\000s\000t\000a}{section.3.3}% 26
\BOOKMARK [1][]{section.3.4}{\376\377\0003\000.\0004\000\040\000C\000o\000n\000v\000e\000r\000s\000\343\000o\000\040\000d\000e\000\040\000t\000i\000p\000o\000s\000\040\000\050\000c\000a\000s\000t\000i\000n\000g\000\051}{chapter.3}% 27
\BOOKMARK [0][]{chapter.4}{\376\377\0004\000\040\000E\000n\000t\000r\000a\000d\000a\000\040\000e\000\040\000S\000a\000\355\000d\000a\000\040\000d\000e\000\040\000D\000a\000d\000o\000s}{part.1}% 28
\BOOKMARK [1][]{section.4.1}{\376\377\0004\000.\0001\000\040\000S\000a\000\355\000d\000a\000\040\000f\000o\000r\000m\000a\000t\000a\000d\000a\000:\000\040\000s\000e\000c\000u\000n\000d\000a\000r\000i\000a\000p\000r\000i\000n\000t\000f}{chapter.4}% 29
\BOOKMARK [1][]{section.4.2}{\376\377\0004\000.\0002\000\040\000E\000n\000t\000r\000a\000d\000a\000\040\000f\000o\000r\000m\000a\000t\000a\000d\000a\000:\000\040\000s\000e\000c\000u\000n\000d\000a\000r\000i\000a\000s\000c\000a\000n\000f}{chapter.4}% 30
\BOOKMARK [1][]{section.4.3}{\376\377\0004\000.\0003\000\040\000C\000a\000r\000a\000c\000t\000e\000r\000e\000s\000\040\000e\000\040\000s\000t\000r\000i\000n\000g\000s}{chapter.4}% 31
\BOOKMARK [1][]{section.4.4}{\376\377\0004\000.\0004\000\040\000S\000e\000q\000u\000\352\000n\000c\000i\000a\000s\000\040\000d\000e\000\040\000e\000s\000c\000a\000p\000e}{chapter.4}% 32
\BOOKMARK [1][]{section.4.5}{\376\377\0004\000.\0005\000\040\000M\000a\000n\000i\000p\000u\000l\000a\000\347\000\343\000o\000\040\000d\000e\000\040\000a\000r\000q\000u\000i\000v\000o\000s}{chapter.4}% 33
\BOOKMARK [1][]{section.4.6}{\376\377\0004\000.\0006\000\040\000S\000a\000\355\000d\000a\000\040\000c\000o\000m\000o\000\040\000f\000e\000r\000r\000a\000m\000e\000n\000t\000a\000\040\000d\000e\000\040\000d\000e\000p\000u\000r\000a\000\347\000\343\000o}{chapter.4}% 34
\BOOKMARK [0][]{chapter.5}{\376\377\0005\000\040\000E\000s\000t\000r\000u\000t\000u\000r\000a\000s\000\040\000d\000e\000\040\000D\000e\000c\000i\000s\000\343\000o}{part.1}% 35
\BOOKMARK [1][]{section.5.1}{\376\377\0005\000.\0001\000\040\000s\000e\000c\000u\000n\000d\000a\000r\000i\000a\000i\000f\000\040\000/\000\040\000s\000e\000c\000u\000n\000d\000a\000r\000i\000a\000e\000l\000s\000e}{chapter.5}% 36
\BOOKMARK [1][]{section.5.2}{\376\377\0005\000.\0002\000\040\000O\000p\000e\000r\000a\000d\000o\000r\000\040\000t\000e\000r\000n\000\341\000r\000i\000o}{chapter.5}% 37
\BOOKMARK [1][]{section.5.3}{\376\377\0005\000.\0003\000\040\000s\000e\000c\000u\000n\000d\000a\000r\000i\000a\000s\000w\000i\000t\000c\000h}{chapter.5}% 38
\BOOKMARK [0][]{chapter.6}{\376\377\0006\000\040\000L\000a\000\347\000o\000s\000\040\000d\000e\000\040\000R\000e\000p\000e\000t\000i\000\347\000\343\000o\000\040\000e\000\040\000D\000e\000s\000v\000i\000o\000s}{part.1}% 39
\BOOKMARK [1][]{section.6.1}{\376\377\0006\000.\0001\000\040\000s\000e\000c\000u\000n\000d\000a\000r\000i\000a\000f\000o\000r}{chapter.6}% 40
\BOOKMARK [1][]{section.6.2}{\376\377\0006\000.\0002\000\040\000s\000e\000c\000u\000n\000d\000a\000r\000i\000a\000w\000h\000i\000l\000e}{chapter.6}% 41
\BOOKMARK [1][]{section.6.3}{\376\377\0006\000.\0003\000\040\000s\000e\000c\000u\000n\000d\000a\000r\000i\000a\000d\000o\000-\000w\000h\000i\000l\000e}{chapter.6}% 42
\BOOKMARK [1][]{section.6.4}{\376\377\0006\000.\0004\000\040\000s\000e\000c\000u\000n\000d\000a\000r\000i\000a\000b\000r\000e\000a\000k\000\040\000e\000\040\000s\000e\000c\000u\000n\000d\000a\000r\000i\000a\000c\000o\000n\000t\000i\000n\000u\000e}{chapter.6}% 43
\BOOKMARK [0][]{chapter.7}{\376\377\0007\000\040\000F\000u\000n\000\347\000\365\000e\000s\000\040\000e\000\040\000P\000r\000o\000t\000\363\000t\000i\000p\000o\000s}{part.1}% 44
\BOOKMARK [1][]{section.7.1}{\376\377\0007\000.\0001\000\040\000D\000e\000c\000l\000a\000r\000a\000n\000d\000o\000\040\000e\000\040\000c\000h\000a\000m\000a\000n\000d\000o\000\040\000f\000u\000n\000\347\000\365\000e\000s}{chapter.7}% 45
\BOOKMARK [1][]{section.7.2}{\376\377\0007\000.\0002\000\040\000P\000a\000s\000s\000a\000g\000e\000m\000\040\000d\000e\000\040\000p\000a\000r\000\342\000m\000e\000t\000r\000o\000s\000\040\000p\000o\000r\000\040\000v\000a\000l\000o\000r}{chapter.7}% 46
\BOOKMARK [1][]{section.7.3}{\376\377\0007\000.\0003\000\040\000P\000r\000o\000t\000\363\000t\000i\000p\000o\000s\000\040\000d\000e\000\040\000f\000u\000n\000\347\000\365\000e\000s}{chapter.7}% 47
\BOOKMARK [1][]{section.7.4}{\376\377\0007\000.\0004\000\040\000E\000s\000c\000o\000p\000o\000\040\000d\000e\000\040\000v\000a\000r\000i\000\341\000v\000e\000i\000s}{chapter.7}% 48
\BOOKMARK [2][]{subsection.7.4.1}{\376\377\0007\000.\0004\000.\0001\000\040\000V\000a\000r\000i\000\341\000v\000e\000i\000s\000\040\000l\000o\000c\000a\000i\000s\000\040\000s\000e\000c\000u\000n\000d\000a\000r\000i\000a\000s\000t\000a\000t\000i\000c}{section.7.4}% 49
\BOOKMARK [0][]{chapter.8}{\376\377\0008\000\040\000A\000r\000r\000a\000n\000j\000o\000s\000:\000\040\000V\000e\000t\000o\000r\000e\000s}{part.1}% 50
\BOOKMARK [1][]{section.8.1}{\376\377\0008\000.\0001\000\040\000D\000e\000c\000l\000a\000r\000a\000n\000d\000o\000\040\000e\000\040\000p\000e\000r\000c\000o\000r\000r\000e\000n\000d\000o\000\040\000u\000m\000\040\000v\000e\000t\000o\000r}{chapter.8}% 51
\BOOKMARK [1][]{section.8.2}{\376\377\0008\000.\0002\000\040\000V\000e\000t\000o\000r\000e\000s\000\040\000e\000\040\000s\000t\000r\000i\000n\000g\000s}{chapter.8}% 52
\BOOKMARK [1][]{section.8.3}{\376\377\0008\000.\0003\000\040\000P\000a\000s\000s\000a\000n\000d\000o\000\040\000a\000r\000r\000a\000n\000j\000o\000s\000\040\000p\000a\000r\000a\000\040\000f\000u\000n\000\347\000\365\000e\000s}{chapter.8}% 53
\BOOKMARK [0][]{chapter.9}{\376\377\0009\000\040\000P\000o\000n\000t\000e\000i\000r\000o\000s\000\040\000e\000\040\000A\000l\000o\000c\000a\000\347\000\343\000o\000\040\000D\000i\000n\000\342\000m\000i\000c\000a}{part.1}% 54
\BOOKMARK [1][]{section.9.1}{\376\377\0009\000.\0001\000\040\000O\000\040\000q\000u\000e\000\040\000\351\000\040\000u\000m\000\040\000p\000o\000n\000t\000e\000i\000r\000o}{chapter.9}% 55
\BOOKMARK [1][]{section.9.2}{\376\377\0009\000.\0002\000\040\000P\000o\000n\000t\000e\000i\000r\000o\000s\000\040\000c\000o\000m\000o\000\040\000p\000a\000r\000\342\000m\000e\000t\000r\000o\000s\000\040\000d\000e\000\040\000f\000u\000n\000\347\000\343\000o}{chapter.9}% 56
\BOOKMARK [1][]{section.9.3}{\376\377\0009\000.\0003\000\040\000P\000o\000n\000t\000e\000i\000r\000o\000s\000\040\000e\000\040\000v\000e\000t\000o\000r\000e\000s}{chapter.9}% 57
\BOOKMARK [1][]{section.9.4}{\376\377\0009\000.\0004\000\040\000A\000l\000o\000c\000a\000\347\000\343\000o\000\040\000d\000i\000n\000\342\000m\000i\000c\000a\000\040\000d\000e\000\040\000m\000e\000m\000\363\000r\000i\000a}{chapter.9}% 58
\BOOKMARK [0][]{chapter.10}{\376\377\0001\0000\000\040\000S\000t\000r\000u\000c\000t\000s\000\040\000e\000\040\000E\000n\000u\000m\000e\000r\000a\000\347\000\365\000e\000s}{part.1}% 59
\BOOKMARK [1][]{section.10.1}{\376\377\0001\0000\000.\0001\000\040\000R\000e\000g\000i\000s\000t\000r\000o\000s\000\040\000e\000\040\000s\000e\000c\000u\000n\000d\000a\000r\000i\000a\000s\000t\000r\000u\000c\000t\000s}{chapter.10}% 60
\BOOKMARK [2][]{subsection.10.1.1}{\376\377\0001\0000\000.\0001\000.\0001\000\040\000S\000t\000r\000u\000c\000t\000s\000\040\000e\000\040\000p\000o\000n\000t\000e\000i\000r\000o\000s}{section.10.1}% 61
\BOOKMARK [1][]{section.10.2}{\376\377\0001\0000\000.\0002\000\040\000E\000n\000u\000m\000e\000r\000a\000\347\000\365\000e\000s\000\040\000\050\000s\000e\000c\000u\000n\000d\000a\000r\000i\000a\000e\000n\000u\000m\000\051}{chapter.10}% 62
\BOOKMARK [0][]{chapter.11}{\376\377\0001\0001\000\040\000M\000o\000d\000u\000l\000a\000r\000i\000z\000a\000\347\000\343\000o}{part.1}% 63
\BOOKMARK [1][]{section.11.1}{\376\377\0001\0001\000.\0001\000\040\000B\000i\000b\000l\000i\000o\000t\000e\000c\000a\000s\000\040\000d\000e\000\040\000s\000o\000f\000t\000w\000a\000r\000e}{chapter.11}% 64
\BOOKMARK [1][]{section.11.2}{\376\377\0001\0001\000.\0002\000\040\000D\000i\000v\000i\000d\000i\000n\000d\000o\000\040\000u\000m\000\040\000p\000r\000o\000g\000r\000a\000m\000a\000\040\000e\000m\000\040\000m\000\372\000l\000t\000i\000p\000l\000o\000s\000\040\000a\000r\000q\000u\000i\000v\000o\000s}{chapter.11}% 65
\BOOKMARK [-1][]{part.2}{\376\377\000I\000I\000\040\000S\000i\000s\000t\000e\000m\000a\000s\000\040\000E\000m\000b\000a\000r\000c\000a\000d\000o\000s\000\040\000c\000o\000m\000\040\000o\000\040\000E\000S\000P\0003\0002\000\040\000e\000\040\000o\000\040\000P\000l\000a\000t\000f\000o\000r\000m\000I\000O}{}% 66
\BOOKMARK [0][]{chapter.12}{\376\377\0001\0002\000\040\000I\000n\000t\000r\000o\000d\000u\000\347\000\343\000o\000\040\000a\000o\000s\000\040\000S\000i\000s\000t\000e\000m\000a\000s\000\040\000E\000m\000b\000a\000r\000c\000a\000d\000o\000s}{part.2}% 67
\BOOKMARK [1][]{section.12.1}{\376\377\0001\0002\000.\0001\000\040\000O\000\040\000q\000u\000e\000\040\000\351\000\040\000u\000m\000\040\000s\000i\000s\000t\000e\000m\000a\000\040\000e\000m\000b\000a\000r\000c\000a\000d\000o}{chapter.12}% 68
\BOOKMARK [1][]{section.12.2}{\376\377\0001\0002\000.\0002\000\040\000O\000\040\000m\000i\000c\000r\000o\000c\000o\000n\000t\000r\000o\000l\000a\000d\000o\000r\000\040\000E\000S\000P\0003\0002}{chapter.12}% 69
\BOOKMARK [1][]{section.12.3}{\376\377\0001\0002\000.\0003\000\040\000C\000o\000m\000o\000\040\000u\000m\000\040\000f\000i\000r\000m\000w\000a\000r\000e\000\040\000\351\000\040\000d\000i\000f\000e\000r\000e\000n\000t\000e\000\040\000d\000e\000\040\000u\000m\000\040\000p\000r\000o\000g\000r\000a\000m\000a\000\040\000c\000o\000m\000u\000m}{chapter.12}% 70
\BOOKMARK [0][]{chapter.13}{\376\377\0001\0003\000\040\000M\000i\000c\000r\000o\000c\000o\000n\000t\000r\000o\000l\000a\000d\000o\000r\000e\000s\000:\000\040\000H\000i\000s\000t\000\363\000r\000i\000a\000\040\000e\000\040\000A\000r\000q\000u\000i\000t\000e\000t\000u\000r\000a}{part.2}% 71
\BOOKMARK [1][]{section.13.1}{\376\377\0001\0003\000.\0001\000\040\000U\000m\000\040\000b\000r\000e\000v\000e\000\040\000h\000i\000s\000t\000\363\000r\000i\000c\000o}{chapter.13}% 72
\BOOKMARK [1][]{section.13.2}{\376\377\0001\0003\000.\0002\000\040\000A\000\040\000u\000n\000i\000d\000a\000d\000e\000\040\000d\000e\000\040\000p\000r\000o\000c\000e\000s\000s\000a\000m\000e\000n\000t\000o}{chapter.13}% 73
\BOOKMARK [1][]{section.13.3}{\376\377\0001\0003\000.\0003\000\040\000A\000r\000q\000u\000i\000t\000e\000t\000u\000r\000a\000\040\000d\000e\000\040\000l\000a\000\347\000o\000\040\000\372\000n\000i\000c\000o\000\040\000\050\000S\000u\000p\000e\000r\000\040\000L\000o\000o\000p\000\051}{chapter.13}% 74
\BOOKMARK [0][]{chapter.14}{\376\377\0001\0004\000\040\000P\000l\000a\000t\000f\000o\000r\000m\000I\000O\000:\000\040\000A\000m\000b\000i\000e\000n\000t\000e\000\040\000d\000e\000\040\000D\000e\000s\000e\000n\000v\000o\000l\000v\000i\000m\000e\000n\000t\000o}{part.2}% 75
\BOOKMARK [1][]{section.14.1}{\376\377\0001\0004\000.\0001\000\040\000O\000\040\000q\000u\000e\000\040\000\351\000\040\000o\000\040\000P\000l\000a\000t\000f\000o\000r\000m\000I\000O}{chapter.14}% 76
\BOOKMARK [1][]{section.14.2}{\376\377\0001\0004\000.\0002\000\040\000I\000n\000s\000t\000a\000l\000a\000\347\000\343\000o}{chapter.14}% 77
\BOOKMARK [1][]{section.14.3}{\376\377\0001\0004\000.\0003\000\040\000C\000r\000i\000a\000n\000d\000o\000\040\000u\000m\000\040\000n\000o\000v\000o\000\040\000p\000r\000o\000j\000e\000t\000o}{chapter.14}% 78
\BOOKMARK [1][]{section.14.4}{\376\377\0001\0004\000.\0004\000\040\000A\000n\000a\000t\000o\000m\000i\000a\000\040\000d\000e\000\040\000u\000m\000\040\000p\000r\000o\000j\000e\000t\000o\000\040\000P\000l\000a\000t\000f\000o\000r\000m\000I\000O}{chapter.14}% 79
\BOOKMARK [2][]{subsection.14.4.1}{\376\377\0001\0004\000.\0004\000.\0001\000\040\000O\000\040\000a\000r\000q\000u\000i\000v\000o\000\040\000s\000e\000c\000u\000n\000d\000a\000r\000i\000a\000p\000l\000a\000t\000f\000o\000r\000m\000i\000o\000.\000i\000n\000i}{section.14.4}% 80
\BOOKMARK [1][]{section.14.5}{\376\377\0001\0004\000.\0005\000\040\000A\000\040\000b\000a\000r\000r\000a\000\040\000d\000e\000\040\000t\000a\000r\000e\000f\000a\000s\000\040\000d\000o\000\040\000P\000l\000a\000t\000f\000o\000r\000m\000I\000O}{chapter.14}% 81
\BOOKMARK [0][]{chapter.15}{\376\377\0001\0005\000\040\000A\000n\000a\000t\000o\000m\000i\000a\000\040\000d\000e\000\040\000u\000m\000\040\000P\000r\000o\000j\000e\000t\000o\000\040\000A\000r\000d\000u\000i\000n\000o}{part.2}% 82
\BOOKMARK [1][]{section.15.1}{\376\377\0001\0005\000.\0001\000\040\000A\000s\000\040\000f\000u\000n\000\347\000\365\000e\000s\000\040\000s\000e\000c\000u\000n\000d\000a\000r\000i\000a\000s\000e\000t\000u\000p\000\040\000e\000\040\000s\000e\000c\000u\000n\000d\000a\000r\000i\000a\000l\000o\000o\000p}{chapter.15}% 83
\BOOKMARK [1][]{section.15.2}{\376\377\0001\0005\000.\0002\000\040\000U\000m\000\040\000p\000r\000i\000m\000e\000i\000r\000o\000\040\000e\000x\000e\000m\000p\000l\000o\000\040\000c\000o\000m\000p\000l\000e\000t\000o}{chapter.15}% 84
\BOOKMARK [1][]{section.15.3}{\376\377\0001\0005\000.\0003\000\040\000C\000o\000m\000p\000i\000l\000a\000n\000d\000o\000,\000\040\000c\000a\000r\000r\000e\000g\000a\000n\000d\000o\000\040\000e\000\040\000m\000o\000n\000i\000t\000o\000r\000a\000n\000d\000o}{chapter.15}% 85
\BOOKMARK [1][]{section.15.4}{\376\377\0001\0005\000.\0004\000\040\000D\000e\000\040\000v\000o\000l\000t\000a\000\040\000a\000o\000s\000\040\000f\000u\000n\000d\000a\000m\000e\000n\000t\000o\000s\000:\000\040\000o\000\040\000q\000u\000e\000\040\000v\000o\000c\000\352\000\040\000j\000\341\000\040\000s\000a\000b\000e\000\040\000a\000p\000l\000i\000c\000a\000r}{chapter.15}% 86
\BOOKMARK [0][]{chapter.16}{\376\377\0001\0006\000\040\000E\000n\000t\000r\000a\000d\000a\000s\000\040\000e\000\040\000S\000a\000\355\000d\000a\000s\000\040\000D\000i\000g\000i\000t\000a\000i\000s\000\040\000\050\000G\000P\000I\000O\000\051}{part.2}% 87
\BOOKMARK [1][]{section.16.1}{\376\377\0001\0006\000.\0001\000\040\000C\000o\000n\000f\000i\000g\000u\000r\000a\000n\000d\000o\000\040\000u\000m\000\040\000p\000i\000n\000o\000\040\000c\000o\000m\000o\000\040\000s\000a\000\355\000d\000a\000:\000\040\000o\000\040\000L\000E\000D}{chapter.16}% 88
\BOOKMARK [1][]{section.16.2}{\376\377\0001\0006\000.\0002\000\040\000C\000o\000n\000f\000i\000g\000u\000r\000a\000n\000d\000o\000\040\000u\000m\000\040\000p\000i\000n\000o\000\040\000c\000o\000m\000o\000\040\000e\000n\000t\000r\000a\000d\000a\000:\000\040\000o\000\040\000b\000o\000t\000\343\000o}{chapter.16}% 89
\BOOKMARK [1][]{section.16.3}{\376\377\0001\0006\000.\0003\000\040\000C\000o\000n\000t\000r\000o\000l\000a\000n\000d\000o\000\040\000v\000\341\000r\000i\000o\000s\000\040\000p\000i\000n\000o\000s\000\040\000c\000o\000m\000\040\000u\000m\000\040\000v\000e\000t\000o\000r}{chapter.16}% 90
\BOOKMARK [0][]{chapter.17}{\376\377\0001\0007\000\040\000L\000e\000i\000t\000u\000r\000a\000\040\000d\000e\000\040\000S\000e\000n\000s\000o\000r\000e\000s\000\040\000A\000n\000a\000l\000\363\000g\000i\000c\000o\000s\000\040\000\050\000A\000D\000C\000\051}{part.2}% 91
\BOOKMARK [1][]{section.17.1}{\376\377\0001\0007\000.\0001\000\040\000C\000o\000m\000o\000\040\000u\000m\000\040\000A\000D\000C\000\040\000f\000u\000n\000c\000i\000o\000n\000a}{chapter.17}% 92
\BOOKMARK [1][]{section.17.2}{\376\377\0001\0007\000.\0002\000\040\000L\000e\000n\000d\000o\000\040\000u\000m\000\040\000s\000e\000n\000s\000o\000r\000\040\000a\000n\000a\000l\000\363\000g\000i\000c\000o}{chapter.17}% 93
\BOOKMARK [1][]{section.17.3}{\376\377\0001\0007\000.\0003\000\040\000D\000e\000\040\000l\000e\000i\000t\000u\000r\000a\000\040\000b\000r\000u\000t\000a\000\040\000a\000\040\000i\000n\000f\000o\000r\000m\000a\000\347\000\343\000o\000:\000\040\000u\000m\000\040\000s\000e\000n\000s\000o\000r\000\040\000d\000e\000\040\000l\000u\000m\000i\000n\000o\000s\000i\000d\000a\000d\000e}{chapter.17}% 94
\BOOKMARK [1][]{section.17.4}{\376\377\0001\0007\000.\0004\000\040\000S\000u\000a\000v\000i\000z\000a\000n\000d\000o\000\040\000l\000e\000i\000t\000u\000r\000a\000s\000\040\000c\000o\000m\000\040\000u\000m\000\040\000v\000e\000t\000o\000r\000:\000\040\000m\000\351\000d\000i\000a\000\040\000m\000\363\000v\000e\000l}{chapter.17}% 95
\BOOKMARK [0][]{chapter.18}{\376\377\0001\0008\000\040\000C\000o\000m\000u\000n\000i\000c\000a\000\347\000\343\000o\000\040\000S\000e\000r\000i\000a\000l\000\040\000e\000\040\000D\000e\000p\000u\000r\000a\000\347\000\343\000o}{part.2}% 96
\BOOKMARK [1][]{section.18.1}{\376\377\0001\0008\000.\0001\000\040\000U\000A\000R\000T\000\040\000e\000\040\000o\000\040\000m\000o\000n\000i\000t\000o\000r\000\040\000s\000e\000r\000i\000a\000l}{chapter.18}% 97
\BOOKMARK [2][]{subsection.18.1.1}{\376\377\0001\0008\000.\0001\000.\0001\000\040\000A\000s\000\040\000v\000a\000r\000i\000a\000n\000t\000e\000s\000\040\000d\000e\000\040\000s\000e\000c\000u\000n\000d\000a\000r\000i\000a\000S\000e\000r\000i\000a\000l\000.\000p\000r\000i\000n\000t}{section.18.1}% 98
\BOOKMARK [1][]{section.18.2}{\376\377\0001\0008\000.\0002\000\040\000S\000a\000\355\000d\000a\000\040\000c\000o\000m\000o\000\040\000f\000e\000r\000r\000a\000m\000e\000n\000t\000a\000\040\000d\000e\000\040\000d\000e\000p\000u\000r\000a\000\347\000\343\000o\000,\000\040\000a\000g\000o\000r\000a\000\040\000n\000o\000\040\000f\000i\000r\000m\000w\000a\000r\000e}{chapter.18}% 99
\BOOKMARK [1][]{section.18.3}{\376\377\0001\0008\000.\0003\000\040\000L\000o\000g\000\040\000p\000o\000r\000\040\000n\000\355\000v\000e\000l\000\040\000d\000e\000\040\000s\000e\000v\000e\000r\000i\000d\000a\000d\000e}{chapter.18}% 100
\BOOKMARK [0][]{chapter.19}{\376\377\0001\0009\000\040\000I\000n\000t\000e\000r\000r\000u\000p\000\347\000\365\000e\000s\000\040\000e\000\040\000T\000e\000m\000p\000o\000r\000i\000z\000a\000\347\000\343\000o}{part.2}% 101
\BOOKMARK [1][]{section.19.1}{\376\377\0001\0009\000.\0001\000\040\000O\000\040\000q\000u\000e\000\040\000\351\000\040\000u\000m\000a\000\040\000i\000n\000t\000e\000r\000r\000u\000p\000\347\000\343\000o}{chapter.19}% 102
\BOOKMARK [1][]{section.19.2}{\376\377\0001\0009\000.\0002\000\040\000I\000n\000t\000e\000r\000r\000u\000p\000\347\000\365\000e\000s\000\040\000d\000e\000\040\000G\000P\000I\000O\000\040\000c\000o\000m\000\040\000s\000e\000c\000u\000n\000d\000a\000r\000i\000a\000a\000t\000t\000a\000c\000h\000I\000n\000t\000e\000r\000r\000u\000p\000t}{chapter.19}% 103
\BOOKMARK [1][]{section.19.3}{\376\377\0001\0009\000.\0003\000\040\000T\000e\000m\000p\000o\000r\000i\000z\000a\000\347\000\343\000o\000\040\000s\000e\000m\000\040\000b\000l\000o\000q\000u\000e\000a\000r\000\040\000o\000\040\000l\000a\000\347\000o\000:\000\040\000a\000\040\000t\000\351\000c\000n\000i\000c\000a\000\040\000d\000e\000\040\000s\000e\000c\000u\000n\000d\000a\000r\000i\000a\000m\000i\000l\000l\000i\000s\000\050\000\051}{chapter.19}% 104
\BOOKMARK [1][]{section.19.4}{\376\377\0001\0009\000.\0004\000\040\000W\000a\000t\000c\000h\000d\000o\000g\000\040\000T\000i\000m\000e\000r}{chapter.19}% 105
\BOOKMARK [0][]{chapter.20}{\376\377\0002\0000\000\040\000G\000e\000r\000e\000n\000c\000i\000a\000m\000e\000n\000t\000o\000\040\000d\000e\000\040\000E\000n\000e\000r\000g\000i\000a}{part.2}% 106
\BOOKMARK [1][]{section.20.1}{\376\377\0002\0000\000.\0001\000\040\000P\000o\000r\000\040\000q\000u\000e\000\040\000g\000e\000r\000e\000n\000c\000i\000a\000r\000\040\000e\000n\000e\000r\000g\000i\000a}{chapter.20}% 107
\BOOKMARK [1][]{section.20.2}{\376\377\0002\0000\000.\0002\000\040\000M\000o\000d\000o\000s\000\040\000d\000e\000\040\000b\000a\000i\000x\000o\000\040\000c\000o\000n\000s\000u\000m\000o\000\040\000d\000o\000\040\000E\000S\000P\0003\0002}{chapter.20}% 108
\BOOKMARK [1][]{section.20.3}{\376\377\0002\0000\000.\0003\000\040\000L\000i\000g\000h\000t\000\040\000s\000l\000e\000e\000p\000:\000\040\000p\000a\000u\000s\000a\000s\000\040\000c\000u\000r\000t\000a\000s\000\040\000e\000\040\000r\000e\000v\000e\000r\000s\000\355\000v\000e\000i\000s}{chapter.20}% 109
\BOOKMARK [1][]{section.20.4}{\376\377\0002\0000\000.\0004\000\040\000M\000e\000m\000\363\000r\000i\000a\000\040\000R\000T\000C\000:\000\040\000s\000o\000b\000r\000e\000v\000i\000v\000e\000n\000d\000o\000\040\000a\000o\000\040\000d\000e\000e\000p\000\040\000s\000l\000e\000e\000p}{chapter.20}% 110
\BOOKMARK [1][]{section.20.5}{\376\377\0002\0000\000.\0005\000\040\000E\000x\000e\000m\000p\000l\000o\000:\000\040\000u\000m\000\040\000n\000\363\000\040\000s\000e\000n\000s\000o\000r\000\040\000a\000l\000i\000m\000e\000n\000t\000a\000d\000o\000\040\000p\000o\000r\000\040\000b\000a\000t\000e\000r\000i\000a}{chapter.20}% 111
\BOOKMARK [1][]{section.20.6}{\376\377\0002\0000\000.\0006\000\040\000Q\000u\000a\000l\000\040\000m\000o\000d\000o\000\040\000e\000s\000c\000o\000l\000h\000e\000r}{chapter.20}% 112
\BOOKMARK [0][]{chapter.21}{\376\377\0002\0001\000\040\000C\000o\000m\000u\000n\000i\000c\000a\000\347\000\343\000o\000\040\000d\000e\000\040\000D\000a\000d\000o\000s\000\040\000v\000i\000a\000\040\000W\000i\000-\000F\000i}{part.2}% 113
\BOOKMARK [1][]{section.21.1}{\376\377\0002\0001\000.\0001\000\040\000C\000o\000n\000e\000c\000t\000a\000n\000d\000o\000-\000s\000e\000\040\000a\000\040\000u\000m\000a\000\040\000r\000e\000d\000e}{chapter.21}% 114
\BOOKMARK [1][]{section.21.2}{\376\377\0002\0001\000.\0002\000\040\000E\000n\000v\000i\000a\000n\000d\000o\000\040\000d\000a\000d\000o\000s\000:\000\040\000r\000e\000q\000u\000i\000s\000i\000\347\000\365\000e\000s\000\040\000H\000T\000T\000P}{chapter.21}% 115
\BOOKMARK [1][]{section.21.3}{\376\377\0002\0001\000.\0003\000\040\000L\000i\000d\000a\000n\000d\000o\000\040\000c\000o\000m\000\040\000q\000u\000e\000d\000a\000s\000\040\000d\000e\000\040\000c\000o\000n\000e\000x\000\343\000o}{chapter.21}% 116
\BOOKMARK [1][]{section.21.4}{\376\377\0002\0001\000.\0004\000\040\000A\000l\000\351\000m\000\040\000d\000o\000\040\000H\000T\000T\000P\000:\000\040\000u\000m\000a\000\040\000p\000a\000l\000a\000v\000r\000a\000\040\000s\000o\000b\000r\000e\000\040\000M\000Q\000T\000T}{chapter.21}% 117
\BOOKMARK [0][]{chapter.22}{\376\377\0002\0002\000\040\000A\000t\000u\000a\000l\000i\000z\000a\000\347\000\365\000e\000s\000\040\000O\000T\000A\000\040\000\050\000O\000v\000e\000r\000-\000t\000h\000e\000-\000A\000i\000r\000\051}{part.2}% 118
\BOOKMARK [1][]{section.22.1}{\376\377\0002\0002\000.\0001\000\040\000A\000r\000d\000u\000i\000n\000o\000O\000T\000A\000:\000\040\000a\000t\000u\000a\000l\000i\000z\000a\000\347\000\365\000e\000s\000\040\000n\000a\000\040\000r\000e\000d\000e\000\040\000l\000o\000c\000a\000l}{chapter.22}% 119
\BOOKMARK [2][]{subsection.22.1.1}{\376\377\0002\0002\000.\0001\000.\0001\000\040\000E\000n\000v\000i\000a\000n\000d\000o\000\040\000u\000m\000a\000\040\000a\000t\000u\000a\000l\000i\000z\000a\000\347\000\343\000o\000\040\000p\000e\000l\000o\000\040\000P\000l\000a\000t\000f\000o\000r\000m\000I\000O}{section.22.1}% 120
\BOOKMARK [1][]{section.22.2}{\376\377\0002\0002\000.\0002\000\040\000P\000r\000o\000t\000e\000g\000e\000n\000d\000o\000\040\000o\000\040\000p\000r\000o\000c\000e\000s\000s\000o\000\040\000c\000o\000m\000\040\000s\000e\000n\000h\000a}{chapter.22}% 121
\BOOKMARK [0][]{chapter.23}{\376\377\0002\0003\000\040\000E\000s\000t\000a\000\347\000\343\000o\000\040\000d\000e\000\040\000M\000o\000n\000i\000t\000o\000r\000a\000m\000e\000n\000t\000o\000\040\000I\000o\000T}{part.2}% 122
\BOOKMARK [1][]{section.23.1}{\376\377\0002\0003\000.\0001\000\040\000E\000s\000p\000e\000c\000i\000f\000i\000c\000a\000\347\000\343\000o\000\040\000d\000o\000\040\000p\000r\000o\000j\000e\000t\000o}{chapter.23}% 123
\BOOKMARK [2][]{subsection.23.1.1}{\376\377\0002\0003\000.\0001\000.\0001\000\040\000M\000a\000t\000e\000r\000i\000a\000i\000s}{section.23.1}% 124
\BOOKMARK [2][]{subsection.23.1.2}{\376\377\0002\0003\000.\0001\000.\0002\000\040\000L\000i\000g\000a\000\347\000\365\000e\000s\000\040\000s\000u\000g\000e\000r\000i\000d\000a\000s}{section.23.1}% 125
\BOOKMARK [1][]{section.23.2}{\376\377\0002\0003\000.\0002\000\040\000P\000r\000o\000j\000e\000t\000a\000n\000d\000o\000\040\000a\000\040\000e\000s\000t\000r\000u\000t\000u\000r\000a\000\040\000d\000o\000\040\000e\000s\000t\000a\000d\000o}{chapter.23}% 126
\BOOKMARK [1][]{section.23.3}{\376\377\0002\0003\000.\0003\000\040\000F\000i\000r\000m\000w\000a\000r\000e\000\040\000c\000o\000m\000p\000l\000e\000t\000o}{chapter.23}% 127
\BOOKMARK [1][]{section.23.4}{\376\377\0002\0003\000.\0004\000\040\000C\000o\000m\000o\000\040\000o\000\040\000p\000r\000o\000j\000e\000t\000o\000\040\000s\000e\000\040\000e\000n\000c\000a\000i\000x\000a}{chapter.23}% 128
\BOOKMARK [1][]{section.23.5}{\376\377\0002\0003\000.\0005\000\040\000S\000o\000b\000r\000e\000\040\000e\000c\000o\000n\000o\000m\000i\000z\000a\000r\000\040\000e\000n\000e\000r\000g\000i\000a\000\040\000n\000e\000s\000t\000e\000\040\000p\000r\000o\000j\000e\000t\000o}{chapter.23}% 129
\BOOKMARK [1][]{section.23.6}{\376\377\0002\0003\000.\0006\000\040\000P\000a\000r\000a\000\040\000c\000o\000n\000t\000i\000n\000u\000a\000r\000\040\000p\000r\000a\000t\000i\000c\000a\000n\000d\000o}{chapter.23}% 130
\BOOKMARK [0][]{appendix.A}{\376\377\000A\000\040\000T\000a\000b\000e\000l\000a\000\040\000A\000S\000C\000I\000I}{part.2}% 131
\BOOKMARK [0][]{appendix.B}{\376\377\000B\000\040\000R\000e\000f\000e\000r\000\352\000n\000c\000i\000a\000\040\000R\000\341\000p\000i\000d\000a}{part.2}% 132
\BOOKMARK [1][]{section.B.1}{\376\377\000B\000.\0001\000\040\000P\000r\000e\000c\000e\000d\000\352\000n\000c\000i\000a\000\040\000d\000e\000\040\000o\000p\000e\000r\000a\000d\000o\000r\000e\000s}{appendix.B}% 133
\BOOKMARK [1][]{section.B.2}{\376\377\000B\000.\0002\000\040\000E\000s\000p\000e\000c\000i\000f\000i\000c\000a\000d\000o\000r\000e\000s\000\040\000d\000e\000\040\000f\000o\000r\000m\000a\000t\000o\000\040\000\050\000s\000e\000c\000u\000n\000d\000a\000r\000i\000a\000p\000r\000i\000n\000t\000f\000/\000s\000e\000c\000u\000n\000d\000a\000r\000i\000a\000s\000c\000a\000n\000f\000\051}{appendix.B}% 134
\BOOKMARK [1][]{section.B.3}{\376\377\000B\000.\0003\000\040\000T\000i\000p\000o\000s\000\040\000d\000e\000\040\000l\000a\000r\000g\000u\000r\000a\000\040\000f\000i\000x\000a\000\040\000\050\000s\000e\000c\000u\000n\000d\000a\000r\000i\000a\000s\000t\000d\000i\000n\000t\000.\000h\000\051}{appendix.B}% 135
\BOOKMARK [1][]{section.B.4}{\376\377\000B\000.\0004\000\040\000F\000u\000n\000\347\000\365\000e\000s\000\040\000e\000s\000s\000e\000n\000c\000i\000a\000i\000s\000\040\000d\000o\000\040\000f\000r\000a\000m\000e\000w\000o\000r\000k\000\040\000A\000r\000d\000u\000i\000n\000o\000\040\000u\000s\000a\000d\000a\000s\000\040\000n\000e\000s\000t\000a\000\040\000a\000p\000o\000s\000t\000i\000l\000a}{appendix.B}% 136
\BOOKMARK [0][]{appendix.C}{\376\377\000C\000\040\000C\000o\000n\000t\000r\000o\000l\000e\000\040\000d\000e\000\040\000V\000e\000r\000s\000\343\000o\000\040\000c\000o\000m\000\040\000G\000i\000t\000\040\000e\000\040\000G\000i\000t\000H\000u\000b}{part.2}% 137
\BOOKMARK [1][]{section.C.1}{\376\377\000C\000.\0001\000\040\000O\000\040\000q\000u\000e\000\040\000\351\000\040\000c\000o\000n\000t\000r\000o\000l\000e\000\040\000d\000e\000\040\000v\000e\000r\000s\000\343\000o}{appendix.C}% 138
\BOOKMARK [1][]{section.C.2}{\376\377\000C\000.\0002\000\040\000I\000n\000s\000t\000a\000l\000a\000\347\000\343\000o\000\040\000e\000\040\000c\000o\000n\000f\000i\000g\000u\000r\000a\000\347\000\343\000o\000\040\000i\000n\000i\000c\000i\000a\000l}{appendix.C}% 139
\BOOKMARK [1][]{section.C.3}{\376\377\000C\000.\0003\000\040\000O\000s\000\040\000t\000r\000\352\000s\000\040\000e\000s\000t\000a\000d\000o\000s\000\040\000d\000e\000\040\000u\000m\000\040\000a\000r\000q\000u\000i\000v\000o}{appendix.C}% 140
\BOOKMARK [1][]{section.C.4}{\376\377\000C\000.\0004\000\040\000C\000r\000i\000a\000n\000d\000o\000\040\000u\000m\000\040\000r\000e\000p\000o\000s\000i\000t\000\363\000r\000i\000o}{appendix.C}% 141
\BOOKMARK [1][]{section.C.5}{\376\377\000C\000.\0005\000\040\000O\000\040\000c\000i\000c\000l\000o\000\040\000b\000\341\000s\000i\000c\000o\000:\000\040\000s\000t\000a\000t\000u\000s\000,\000\040\000a\000d\000d\000\040\000e\000\040\000c\000o\000m\000m\000i\000t}{appendix.C}% 142
\BOOKMARK [1][]{section.C.6}{\376\377\000C\000.\0006\000\040\000C\000o\000n\000s\000u\000l\000t\000a\000n\000d\000o\000\040\000o\000\040\000h\000i\000s\000t\000\363\000r\000i\000c\000o}{appendix.C}% 143
\BOOKMARK [1][]{section.C.7}{\376\377\000C\000.\0007\000\040\000I\000g\000n\000o\000r\000a\000n\000d\000o\000\040\000a\000r\000q\000u\000i\000v\000o\000s\000:\000\040\000s\000e\000c\000u\000n\000d\000a\000r\000i\000a\000.\000g\000i\000t\000i\000g\000n\000o\000r\000e}{appendix.C}% 144
\BOOKMARK [1][]{section.C.8}{\376\377\000C\000.\0008\000\040\000R\000a\000m\000i\000f\000i\000c\000a\000\347\000\365\000e\000s\000\040\000\050\000b\000r\000a\000n\000c\000h\000e\000s\000\051}{appendix.C}% 145
\BOOKMARK [1][]{section.C.9}{\376\377\000C\000.\0009\000\040\000T\000r\000a\000b\000a\000l\000h\000a\000n\000d\000o\000\040\000c\000o\000m\000\040\000o\000\040\000G\000i\000t\000H\000u\000b}{appendix.C}% 146
\BOOKMARK [2][]{subsection.C.9.1}{\376\377\000C\000.\0009\000.\0001\000\040\000C\000r\000i\000a\000n\000d\000o\000\040\000u\000m\000\040\000r\000e\000p\000o\000s\000i\000t\000\363\000r\000i\000o\000\040\000r\000e\000m\000o\000t\000o}{section.C.9}% 147
\BOOKMARK [2][]{subsection.C.9.2}{\376\377\000C\000.\0009\000.\0002\000\040\000C\000l\000o\000n\000a\000n\000d\000o\000\040\000u\000m\000\040\000r\000e\000p\000o\000s\000i\000t\000\363\000r\000i\000o\000\040\000e\000x\000i\000s\000t\000e\000n\000t\000e}{section.C.9}% 148
\BOOKMARK [2][]{subsection.C.9.3}{\376\377\000C\000.\0009\000.\0003\000\040\000E\000n\000v\000i\000a\000n\000d\000o\000\040\000e\000\040\000r\000e\000c\000e\000b\000e\000n\000d\000o\000\040\000a\000t\000u\000a\000l\000i\000z\000a\000\347\000\365\000e\000s}{section.C.9}% 149
\BOOKMARK [1][]{section.C.10}{\376\377\000C\000.\0001\0000\000\040\000C\000o\000l\000a\000b\000o\000r\000a\000n\000d\000o\000\040\000c\000o\000m\000\040\000P\000u\000l\000l\000\040\000R\000e\000q\000u\000e\000s\000t\000s}{appendix.C}% 150
\BOOKMARK [1][]{section.C.11}{\376\377\000C\000.\0001\0001\000\040\000R\000e\000f\000e\000r\000\352\000n\000c\000i\000a\000\040\000r\000\341\000p\000i\000d\000a}{appendix.C}% 151
